
> mywebsite@0.1.0 dev
> next dev --turbopack

 ⚠ Port 3000 is in use, using available port 3002 instead.
   ▲ Next.js 15.3.3 (Turbopack)
   - Local:        http://localhost:3002
   - Network:      http://192.168.0.179:3002

 ✓ Starting...
 ✓ Ready in 574ms
 ○ Compiling / ...
 ✓ Compiled / in 1208ms
 GET /?id=0dc102c5-46f7-4db1-ad09-1ad24c207c53&vscodeBrowserReqId=1750057914128 200 in 1328ms
 GET / 200 in 57ms
[?25h
